head -n 20 /var/log/kern.log

Aug  9 08:34:07 UbuntuSerUNSAM kernel: [    0.000000] Initializing cgroup subsys cpuset
Aug  9 08:34:07 UbuntuSerUNSAM kernel: [    0.000000] Initializing cgroup subsys cpu
Aug  9 08:34:07 UbuntuSerUNSAM kernel: [    0.000000] Initializing cgroup subsys cpuacct
Aug  9 08:34:07 UbuntuSerUNSAM kernel: [    0.000000] Linux version 4.4.0-31-generic (buildd@lgw01-01) (gcc version 4.8.4 (Ubuntu 4.8.4-2ubuntu1~14.04.3) ) #50~14.04.1-Ubuntu SMP Wed Jul 13 01:06:37 UTC 2016 (Ubuntu 4.4.0-31.50~14.04.1-generic 4.4.13)
Aug  9 08:34:07 UbuntuSerUNSAM kernel: [    0.000000] KERNEL supported cpus:
Aug  9 08:34:07 UbuntuSerUNSAM kernel: [    0.000000]   Intel GenuineIntel
Aug  9 08:34:07 UbuntuSerUNSAM kernel: [    0.000000]   AMD AuthenticAMD
Aug  9 08:34:07 UbuntuSerUNSAM kernel: [    0.000000]   NSC Geode by NSC
Aug  9 08:34:07 UbuntuSerUNSAM kernel: [    0.000000]   Cyrix CyrixInstead
Aug  9 08:34:07 UbuntuSerUNSAM kernel: [    0.000000]   Centaur CentaurHauls
Aug  9 08:34:07 UbuntuSerUNSAM kernel: [    0.000000]   Transmeta GenuineTMx86
Aug  9 08:34:07 UbuntuSerUNSAM kernel: [    0.000000]   Transmeta TransmetaCPU
Aug  9 08:34:07 UbuntuSerUNSAM kernel: [    0.000000]   UMC UMC UMC UMC
Aug  9 08:34:07 UbuntuSerUNSAM kernel: [    0.000000] x86/fpu: Legacy x87 FPU detected.
Aug  9 08:34:07 UbuntuSerUNSAM kernel: [    0.000000] x86/fpu: Using 'lazy' FPU context switches.
Aug  9 08:34:07 UbuntuSerUNSAM kernel: [    0.000000] e820: BIOS-provided physical RAM map:
Aug  9 08:34:07 UbuntuSerUNSAM kernel: [    0.000000] BIOS-e820: [mem 0x0000000000000000-0x000000000009fbff] usable
Aug  9 08:34:07 UbuntuSerUNSAM kernel: [    0.000000] BIOS-e820: [mem 0x000000000009fc00-0x000000000009ffff] reserved
Aug  9 08:34:07 UbuntuSerUNSAM kernel: [    0.000000] BIOS-e820: [mem 0x00000000000f0000-0x00000000000fffff] reserved
Aug  9 08:34:07 UbuntuSerUNSAM kernel: [    0.000000] BIOS-e820: [mem 0x0000000000100000-0x000000001ffeffff] usable
